<!DOCTYPE html>
<html class="no-js" lang="en">
<head>
    <meta charset="utf-8">
    <meta content="width=device-width, initial-scale=1.0" name="viewport">
    <meta content="" name="docsearch:name">
    <meta content="" name="docsearch:package_type">
    <meta content="" name="docsearch:release">
    <meta content="" name="docsearch:version">
    <meta content="2023-01-01T12:00:00+00:00" name="docsearch:modified">
    <link href="http://purl.org/dc/elements/1.1/" rel="schema.dc">
    <meta content="2023-01-01T12:00:00+00:00" name="dc.modified">
    <meta content="2023-01-01T12:00:00+00:00" property="article:modified_time">
    <title>:orphan: documentation</title>

    <link href="https://typo3.azureedge.net/typo3documentation/theme/sphinx_typo3_theme/4.9.0/css/fontawesome.css" rel="stylesheet">
    <link href="https://typo3.azureedge.net/typo3documentation/theme/sphinx_typo3_theme/4.9.0/css/webfonts.css" rel="stylesheet">
    <link href="https://typo3.azureedge.net/typo3documentation/theme/sphinx_typo3_theme/4.9.0/css/theme.css" rel="stylesheet">
    <link href="https://docs.typo3.org/search/" rel="search" title="Search">
                <link href="index.html" rel="prev" title="Three point something"/>
            <link href="three.html" rel="next" title="Three"/>
            <link href="../index.html" rel="top" title="Root index"/>
        <!-- extrahead --><!-- /extrahead -->
    <!-- UNIVERSE BAR START -->
    <script src="https://typo3.azureedge.net/typo3infrastructure/universe/dist/webcomponents-loader.js"></script>
    <script src="https://typo3.azureedge.net/typo3infrastructure/universe/dist/typo3-universe.js" type="module"></script>
    <!-- UNIVERSE BAR END -->
</head>
<body data-cbs-theme="light" cz-shortcut-listen="true">
<div class="page">
    <div class="page-topbar">
        <div class="page-topbar-inner">
            <!-- UNIVERSE BAR START -->
            <typo3-universe active="documentation">
                <div style="display: block; height: 44px; background-color: #313131;"></div>
            </typo3-universe>
            <!-- UNIVERSE BAR END -->
        </div>
    </div>
    <div class="page-header">
        <div class="page-header-inner">
            <!-- pageheader -->
            <a class="logo" href="https://docs.typo3.org/" title="TYPO3 Documentation">
                <img alt="TYPO3 Logo" class="logo-image" src="https://typo3.azureedge.net/typo3documentation/theme/sphinx_typo3_theme/4.4.3/img/typo3-logo.svg" width="484" height="130">
            </a>
            <!-- /pageheader -->
        </div>
    </div>

    <div class="page-main">
        <div class="page-main-inner">
            <div class="page-main-navigation">
                <nav>
                    <input class="toc-checkbox" id="toggleToc" type="checkbox">
                    <div class="toc-header">
                        <div class="toc-title">
                            <a class="toc-title-project" href="/"></a>
                            </div>
                        <div class="toc-actions">
                            <label class="toc-toggle" for="toggleToc">
                                Menu
                            </label>
                        </div>
                    </div>
                    <div class="toc-collapse">
                                                <div aria-label="main navigation" class="toc" role="navigation">
                            <!-- menu -->
                                
    <div aria-label="main navigation" class="toc" role="navigation">
            <ul>
    <li class="toctree-l1">
    <a href="../one.html"
       class="reference internal">
        One
    </a></li>
    <li class="toctree-l1">
    <a href="../two.html"
       class="reference internal">
        Two
    </a></li>
    <li class="toctree-l1">
    <a href="index.html"
       class="reference internal">
        Three point something
    </a>        <ul><li class="toctree-l2">
    <a href="three.html"
       class="reference internal">
        Three
    </a></li>
<li class="toctree-l2">
    <a href="threepointfive.html"
       class="reference internal">
        3.5
    </a></li>
</ul></li>
    <li class="toctree-l1">
    <a href="../four.html"
       class="reference internal">
        Four
    </a></li>
    </ul>


    </div>
                            <!-- /menu -->
                        </div>
                    </div>
                </nav>
            </div>
            <div class="page-main-content">
                <div class="rst-content">                        <div aria-label="breadcrumbs navigation" class="breadcrumb-bar" role="navigation">
        
<ol class="breadcrumb">
    <li class="breadcrumb-item"><a href="../index.html">Root index</a></li>
                    <li aria-current="page"  class="breadcrumb-item  active">:orphan:</li>
        </ol>

        <div class="breadcrumb-additions">    <a class="btn btn-sm btn-light" href="../_sources/three/pi.rst.txt" rel="nofollow noopener" target="_blank">
        <span class="btn-icon"><span class="fas fa-code"></span></span>
        <span class="btn-text">View source</span>
    </a>
        <a class="btn btn-sm btn-light" href="https://docs.typo3.org/m/typo3/docs-how-to-document/main/en-us/WritingDocsOfficial/GithubMethod.html" id="btnHowToEdit" rel="nofollow noopener" target="_blank">
        <span class="btn-icon"><span class="fas fa-info-circle"></span></span>
        <span class="btn-text">How to edit</span>
    </a>
    </div>
    </div>
                    <div class="document" itemscope="itemscope" itemtype="http://schema.org/Article" role="main">
                        <div itemprop="articleBody">
                            <!-- body -->
                                <!-- content start -->
        <div class="section" id="orphan">
    <h1>:orphan:</h1>

    </div>

<div class="section" id="pi">
    <h1>Pi</h1>

            <p>Irrational: Orphan</p>
    </div>

    <!-- content end -->
                            <!-- /body -->
                        </div>
                    </div>
                        
            <nav aria-label="Page navigation">
            <ul class="pagination justify-content-center"><li class="page-item">
                            <a class="page-link" href="index.html"
                               title="Accesskey Alt(+Shift)+p">
                                Previous
                            </a>
                        </li>
                    <li class="page-item">
                            <a class="page-link" href="three.html"
                               title="Accesskey Alt(+Shift)+n">
                                Next
                            </a>
                        </li>
                    </ul>
        </nav>
                    </div>
            </div>
        </div>
    </div>

    <!-- Google Tag Manager -->
    <script type="text/plain" data-usercentrics="Google Tag Manager">(function(w,d,s,l,i){w[l]=w[l]||[];w[l].push({'gtm.start':
new Date().getTime(),event:'gtm.js'});var f=d.getElementsByTagName(s)[0],
j=d.createElement(s),dl=l!='dataLayer'?'&l='+l:'';j.async=true;j.src=
'https://www.googletagmanager.com/gtm.js?id='+i+dl;f.parentNode.insertBefore(j,f);
})(window,document,'script','dataLayer','GTM-MKNXD8Q');</script>
    <!-- End Google Tag Manager -->

    <div class="page-footer">
        <!-- footer.html -->
        <footer>
            <div class="frame frame-ruler-before frame-background-dark">
                <div class="frame-container">
                    <div class="frame-inner">
                        <ul class="footer-simplemenu"><li><a href="https://typo3.org/community/teams/documentation/#c9886" title="Contact"><span>Contact</span></a></li>
                            <li><a href="https://github.com/TYPO3-Documentation/DocsTypo3Org-Homepage/issues" rel="nofollow noopener" title="Issues"><span>Issues</span></a></li>
                            <li><a href="https://github.com/TYPO3-Documentation/DocsTypo3Org-Homepage" rel="nofollow noopener" title="Repository"><span>Repository</span></a></li>
                        </ul>
                        <div class="footer-additional">
                            <p class="text-center">Last rendered: Jan 01, 2023 12:00</p>
                        </div>
                        <div class="footer-meta">
                            <div class="footer-meta-copyright">
                                                                </div>
                            <ul class="footer-meta-navigation">
                                <li><a href="https://typo3.org/legal-notice" rel="nofollow" target="_blank" title="Legal Notice">Legal Notice</a></li>
                                <li><a href="https://typo3.org/privacy-policy" rel="nofollow" target="_blank" title="Privacy Policy">Privacy Policy</a></li>
                            </ul>
                        </div>
                    </div>
                </div>
            </div>
        </footer>
        <!-- /footer.html -->
    </div>
</div>

<script>
    var DOCUMENTATION_OPTIONS = {
        URL_ROOT: './',
        VERSION: '',
        COLLAPSE_INDEX: false,
        FILE_SUFFIX: '.html',
        HAS_SOURCE: true
    };
</script>
<script src="https://typo3.azureedge.net/typo3documentation/theme/sphinx_typo3_theme/4.9.0/js/jquery.min.js"></script>
<script src="https://typo3.azureedge.net/typo3documentation/theme/sphinx_typo3_theme/4.9.0/js/underscore.min.js"></script>
<script src="https://typo3.azureedge.net/typo3documentation/theme/sphinx_typo3_theme/4.9.0/js/doctools.min.js"></script>
<script src="https://typo3.azureedge.net/typo3documentation/theme/sphinx_typo3_theme/4.9.0/js/popper.min.js"></script>
<script src="https://typo3.azureedge.net/typo3documentation/theme/sphinx_typo3_theme/4.9.0/js/bootstrap.min.js"></script>
<script src="https://typo3.azureedge.net/typo3documentation/theme/sphinx_typo3_theme/4.9.0/js/theme.min.js"></script>
<script src="https://typo3.azureedge.net/typo3documentation/theme/sphinx_typo3_theme/4.9.0/js/searchtools.min.js"></script>
<script src="https://typo3.azureedge.net/typo3documentation/theme/sphinx_typo3_theme/4.9.0/js/autocomplete.min.js"></script>
<script>
    jQuery(function() { Search.loadIndex("searchindex.js"); });
</script>
<script id="searchindexloader"></script>

<script id="R9wBKTwzv" src="https://app.usercentrics.eu/latest/main.js"></script>
<script data-usercentrics="Matomo" src="/js/piwik.js" type="text/plain"></script>
</body>
</html>
