<!-- content start -->
                <section class="section" id="document-title">
            <h1>Document Title<a class="headerlink" href="#document-title" data-bs-toggle="modal" data-bs-target="#linkReferenceModal"  title="Reference this headline">Â¶</a></h1>

    <p>Lorem Ipsum Dolor.</p>

            <figure class="with-shadow">
    <img
    src="../Images/typo3-logo.png"
                alt="Content element wizard with the new content element"        />



                    <figcaption>
    <p>Content element wizard with the new content element</p>
</figcaption>
            </figure>

    </section>
        <!-- content end -->
