<!-- content start -->
                <section class="section" id="document-title">
            <h1>Document Title<a class="headerlink" href="#document-title" data-bs-toggle="modal" data-bs-target="#linkReferenceModal"  title="Reference this headline"><i class="fa-solid fa-paragraph"></i></a></h1>

    <p>You can also install extensions like news and
georgringer/news-administration.</p>

    </section>
        <!-- content end -->
