<!-- content start -->
                <section class="section" id="document-title">
    <h1>Document Title</h1>

            <p>Lorem Ipsum Dolor.</p>
            <figure>
    <img
    src="typo3-logo.png"
                alt="Content element wizard with the new content element"        />



                    <figcaption>
</figcaption>
            </figure>

    </section>

        <!-- content end -->
