<!-- content start -->
                <section class="section" id="csv-table">
            <h1>CSV table<a class="headerlink" href="#csv-table" data-bs-toggle="modal" data-bs-target="#linkReferenceModal"  title="Reference this headline"><i class="fa-solid fa-paragraph"></i></a></h1>
            <div class="table-responsive">
    <table class="table table-bordered align-default colwidths-grid">
                    <colgroup>
                                    <col style="width: 15%">
                                                <col style="width: 15%">
                        </colgroup>
            <thead>
            <tr>
                            <th>Header 1</th>
                            <th>Header 2</th>
                    </tr>
        </thead>
        <tbody>
    <tr>
            <td>1</td>            <td>one</td>    </tr>    <tr>
            <td>2</td>            <td>two</td>    </tr></tbody>    </table>
</div>
    </section>
        <!-- content end -->
