<!-- content start -->
                <section class="section" id="sidebar" data-rst-anchor="rest-confval">
            <a id="rest-confval"></a>
            <a id="rest-tabs"></a>
            <a id="rest-cards"></a>
            <h1>Sidebar<a class="headerlink" href="#sidebar" data-bs-toggle="modal" data-bs-target="#linkReferenceModal"  title="Reference this headline">&nbsp;<i class="fa-solid fa-link"></i></a></h1>
            <div class="sidebar">
    <p class="sidebar-title">reST content elements</p>

<ul>
    <li><a href="#rest-cards">Cards</a></li>
    <li><a href="#rest-tabs">Tabs</a></li>
    <li><a href="#rest-confval">Configuration values</a></li>
</ul>

</div>

    <p>Displays a box to the right of the current paragraph. The box is mostly used
at the top of a page for quick navigation:</p>

    </section>
        <!-- content end -->
