<!-- content start -->
                <section class="section" id="document-title">
    <h1>Document Title</h1>

            <p>As an example, you may want to take a look at extension
<a class="reference external" href="https://extensions.typo3.org/extension/fal_securedownload" title="EXT:fal_securedownload in the TER (TYPO3 extension repository)">EXT:fal_securedownload</a>.</p>
    </section>

        <!-- content end -->
