<!-- content start -->
                <section class="section" id="just-a-code-block">
    <h1>Just a code block<a class="headerlink" href="#just-a-code-block" title="Permalink to this headline">Â¶</a></h1>

            <div translate="no">

        <pre class="code-block"><code>echo &#039;Hello, TYPO3&#039;;</code></pre>
    </div>
    </section>

        <!-- content end -->
