<!-- content start -->
                <section class="section" id="confval">
            <h1>Confval<a class="headerlink" href="#confval" data-bs-toggle="modal" data-bs-target="#linkReferenceModal"  title="Reference this headline">¶</a></h1>
            <dl class="confval">
    <dt id="confval-demo">
        <code class="sig-name descname"><span class="pre">demo</span></code>
                <a class="headerlink" href="#confval-demo" data-bs-toggle="modal" data-bs-target="#linkReferenceModal" data-id="confval-demo" data-rstCode=":confval:`demo &lt;somemanual:demo&gt;`"  title="Reference this configuration value">¶</a>
        </dt>
    <dd>
                <dl class="field-list simple">
                            <dt class="field-even">Type</dt>
                <dd class="field-even">string
                </dd>
                        <dt class="field-odd">Required</dt>
            <dd class="field-odd"><p>true</p>
            </dd>
                        <dt class="field-odd">Default</dt>
            <dd class="field-odd"><code class="code-inline" translate="no">&quot;Hello World&quot;</code>
            </dd>
            </dl>
                <div class="confval-description">

    <p>Some Text</p>

        </div>
    </dd>
</dl>

    <p>See also <a href="#confval-demo">demo</a> and the config value in the other domain: <a href="anotherDomain.html#confval-another-demo">demo</a>.</p>

            <div class="toctree-wrapper compound">
    <ul class="menu-level">
    <li class="toc-item">
    <a href="anotherDomain.html#confval-in-another-domain">Confval in another domain</a>


</li>
    </ul>
</div>
    </section>
        <!-- content end -->
