<!-- content start -->
                <section class="section" id="document-title">
            <h1>Document Title<a class="headerlink" href="#document-title" data-bs-toggle="modal" data-bs-target="#linkReferenceModal"  title="Reference this headline"><i class="fa-solid fa-paragraph"></i></a></h1>

    <p>See <a href="https://docs.typo3.org/m/typo3/docs-how-to-document/main/en-us/Reference/ReStructuredText/Links/Index.html#how-to-document-hyperlinks">Links in ReStructured Text</a> for information about how to use cross-references.</p>


    <p>Missing knowledge can be acquired by working through the TYPO3
documentation, for example the <a href="https://docs.typo3.org/m/typo3/tutorial-getting-started/11.5/en-us/Index.html">Getting Started Tutorial</a>.</p>

    </section>
        <!-- content end -->
