<!-- content start -->
                <section class="section" id="confval">
            <h1>Confval<a class="headerlink" href="#confval" data-bs-toggle="modal" data-bs-target="#linkReferenceModal"  title="Reference this headline">¶</a></h1>
            <dl class="confval">
    <dt id="demo">
        <code class="sig-name descname"><span class="pre">demo</span></code>
        <a class="headerlink" href="#demo" data-bs-toggle="modal" data-bs-target="#linkReferenceModal"  data-id="demo" data-rstCode=":confval:`demo &lt;somemanual:demo&gt;`"  title="Reference this configuration value">¶</a>
    </dt>
    <dd>
        <div class="line-block">
             <div class="line"><strong>Type:</strong>  <code>&quot;Hello World&quot;</code></div>
             <div class="line"><strong>Required:</strong> true</div>
            </div>
        <div class="confval-description">

    <p>Some Text</p>

        </div>
    </dd>
</dl>

    <p>See also <a href="#demo">demo</a>.</p>

    </section>
        <!-- content end -->
