<!-- content start -->
        <div class="section" id="t3-field-list-table-tables">
    <h1>t3-field-list-table tables</h1>

            <div class="table-responsive">
    <table class="docutils align-default">
                            <thead>
            <tr>
                            <th><p>Header1</p></th>
                            <th><p>Header2</p></th>
                    </tr>
        </thead>
        <tbody>
    <tr class="row-odd">
            <td><p>1</p></td>
            <td><p>one</p></td>
    </tr>
    <tr class="row-even">
            <td><p>2</p></td>
            <td><p>two</p></td>
    </tr>
</tbody>
    </table>
</div>

    </div>

    <!-- content end -->
