<!-- content start -->
    <article>
            <section class="section" id="root-index">
            <h1>Root index<a class="headerlink" href="#root-index" data-bs-toggle="modal" data-bs-target="#linkReferenceModal"  title="Reference this headline">¶</a></h1>

            <p>Lorem Ipsum Dolor.</p>
            <div class="toctree-wrapper compound">
    <ul class="menu-level">
    <li class="toc-item"><a href="#one">One</a></li>

    <li class="toc-item"><a href="#two">Two</a></li>

    <li class="toc-item"><a href="#three-point-something">Three point something</a>        <ul class="menu-level-1">
            <li class="toc-item"><a href="#three">Three</a></li>

            <li class="toc-item"><a href="#3-5">3.5</a></li>

                    </ul></li>

    <li class="toc-item"><a href="#four">Four</a></li>

    </ul>
</div>

    </section>


        </article>
<article>
            <section class="section" id="one">
            <h1>One<a class="headerlink" href="#one" data-bs-toggle="modal" data-bs-target="#linkReferenceModal"  title="Reference this headline">¶</a></h1>

            <p>Lorem Ipsum Dolor 1</p>
    </section>


        </article>
<article>
            <section class="section" id="two">
            <h1>Two<a class="headerlink" href="#two" data-bs-toggle="modal" data-bs-target="#linkReferenceModal"  title="Reference this headline">¶</a></h1>

            <p>Lorem Ipsum Dolor. 2</p>
    </section>


        </article>
<article>
            <section class="section" id="three-point-something">
            <h1>Three point something<a class="headerlink" href="#three-point-something" data-bs-toggle="modal" data-bs-target="#linkReferenceModal"  title="Reference this headline">¶</a></h1>

            <p>Lorem Ipsum Dolor.</p>
            <div class="toctree-wrapper compound">
    <ul class="menu-level">
    <li class="toc-item"><a href="#three">Three</a></li>

    <li class="toc-item"><a href="#3-5">3.5</a></li>

    </ul>
</div>

    </section>


        </article>
<article>
            <section class="section" id="three">
            <h1>Three<a class="headerlink" href="#three" data-bs-toggle="modal" data-bs-target="#linkReferenceModal"  title="Reference this headline">¶</a></h1>

            <p>Lorem Ipsum Dolor. 3.</p>
    </section>


        </article>
<article>
            <section class="section" id="3-5">
            <h1>3.5<a class="headerlink" href="#3-5" data-bs-toggle="modal" data-bs-target="#linkReferenceModal"  title="Reference this headline">¶</a></h1>

            <p>Lorem Ipsum Dolor.</p>
    </section>


        </article>
<article>
            <section class="section" id="four">
            <h1>Four<a class="headerlink" href="#four" data-bs-toggle="modal" data-bs-target="#linkReferenceModal"  title="Reference this headline">¶</a></h1>

            <p>Lorem Ipsum Dolor. <a href="https://typ03.org">index</a></p>
    </section>


        </article>
<article>
            <section class="section" id="i-sqrt-1">
            <h1>i (sqrt(-1))<a class="headerlink" href="#i-sqrt-1" data-bs-toggle="modal" data-bs-target="#linkReferenceModal"  title="Reference this headline">¶</a></h1>

            <p>Irreal: orphan</p>
    </section>


        </article>
<article>
            <section class="section" id="pi">
            <h1>Pi<a class="headerlink" href="#pi" data-bs-toggle="modal" data-bs-target="#linkReferenceModal"  title="Reference this headline">¶</a></h1>

            <p>Irrational: Orphan</p>
    </section>


        </article>
<!-- content end -->
