<!-- content start -->
                <section class="section" id="document-title">
    <h1>Document Title<a class="headerlink" href="#document-title" title="Permalink to this headline">Â¶</a></h1>

            <p>Lorem Ipsum Dolor. See also <a href="https://forge.typo3.org/issues/102056">forge#102056</a> or <a href="https://forge.typo3.org/issues/99508">Lorem Ipsum</a>.</p>
    </section>

        <!-- content end -->
