<!-- content start -->
                <section class="section" id="root-document">
            <h1>root document<a class="headerlink" href="#root-document" data-bs-toggle="modal" data-bs-target="#linkReferenceModal"  title="Reference this headline">Â¶</a></h1>

    </section>
        <!-- content end -->
