{
    "std:doc": {
        "index": [
            null,
            null,
            "index.html",
            "Document Title"
        ]
    },
    "std:label": {
        "document-title": [
            null,
            null,
            "index.html#document-title",
            "Document Title"
        ]
    }
}