<!-- content start -->

<section class="section" id="markdown-admonitions">
            <h1>MarkDown admonitions<a class="headerlink" href="#markdown-admonitions" data-bs-toggle="modal" data-bs-target="#linkReferenceModal"  title="Reference this headline">&nbsp;<i class="fa-solid fa-link"></i></a></h1>

<div class="admonition note" role="alert">
    <p class="admonition-title">Note</p>
         <strong>Image and screenshot files</strong> should be placed within <code>Images/MyGuidesFileName/</code> where <code>MyGuidesFileName</code> is your guide&#039;s filename without the final <code>.md</code>.
</div>
    </section>
        <!-- content end -->
