<!-- content start -->
                <section class="section" id="with-classes">
            <h1>With classes<a class="headerlink" href="#with-classes" data-bs-toggle="modal" data-bs-target="#linkReferenceModal"  title="Reference this headline">Â¶</a></h1>
            <div class="code-block-wrapper" translate="no">

    <pre class="code-block some-class another-class"><code class="hljs python"><span class="hljs-function"><span class="hljs-keyword">def</span> <span class="hljs-title">some_function</span><span class="hljs-params">()</span>:</span>
    interesting = <span class="hljs-literal">False</span></code></pre>
    <div>        <button class="code-block-copy" title="Copy to clipboard">
            <i class="icon fa-regular fa-copy code-block-copy-icon"></i>
            <i class="fa-solid fa-check code-block-check-icon code-block-hide"></i>
        </button>
        <span class="code-block-check-tooltip code-block-hide" aria-live="polite">Copied!</span>
    </div>
</div>
    </section>
        <!-- content end -->
