<!-- content start -->
    <div class="section" id="php-interface-with-implicit-namespace">
    <h1>PHP Interface with implicit namespace</h1>

            <dl class="php interface">
    <dt class="sig sig-object php"
        id="typo3-cms-core-testinterface">
        <em class="property"><span class="pre">interface</span> </em>
            <span class="sig-prename descclassname"><span class="pre">\TYPO3\CMS\Core\</span></span>
<span class="sig-name descname"><span class="pre">TestInterface</span></span>

    </dt>
    <dd>
        <p>Lorem Ipsum Dolor!</p>
    </dd>
</dl>

    </div>

<!-- content end -->