<!-- content start -->
    <div class="section" id="php-interface-with-implicit-namespace">
    <h1>PHP Interface with implicit namespace</h1>

            <dl class="php interface">
    <dt class="sig sig-object php"
        id="typo3-cms-core-testinterface">
        <em class="property"><span class="pre">interface</span> </em>
            <span class="sig-prename descclassname"><span class="pre">\TYPO3\CMS\Core\</span></span>
<span class="sig-name descname"><span class="pre">TestInterface</span></span>

    </dt>
    <dd>
        <p>Lorem Ipsum Dolor!</p><dl class="php method">
    <dt class="sig sig-object php" id="setdate">
        
<span class="sig-name descname"><span class="pre">setDate</span></span>
<span class="sig-paren">(</span>
<em class="sig-param"><span class="pre">int $year</span></em>, <em class="sig-param"><span class="pre">int $month</span></em>, <em class="sig-param"><span class="pre">int $day</span></em><span class="sig-paren">)</span>

    </dt>
    <dd>
        <p>Set the date.</p>
    </dd>
</dl>
<dl class="php method">
    <dt class="sig sig-object php" id="getdate">
        
<span class="sig-name descname"><span class="pre">getDate</span></span>
<span class="sig-paren">(</span>
<span class="sig-paren">)</span>
<em class="sig-returns"><span class="pre">: int</span></em>

    </dt>
    <dd>
        <p>Get the date.</p>
    </dd>
</dl>

    </dd>
</dl>

            <p>See also <a href="/index.html#typo3-cms-core-testinterface">\TYPO3\CMS\Core\TestInterface</a>
,
for short <a href="/index.html#typo3-cms-core-testinterface">TestInterface</a>
!</p>
    </div>

<!-- content end -->