<!-- content start -->
                <section class="section" id="nested-bignums-xxl-bignums-normally-styled">
            <h1>Nested bignums-xxl &gt; bignums &gt; Normally Styled<a class="headerlink" href="#nested-bignums-xxl-bignums-normally-styled" data-bs-toggle="modal" data-bs-target="#linkReferenceModal"  title="Reference this headline">&nbsp;<i class="fa-solid fa-link"></i></a></h1>


<ol class="bignums-xxl" start="1">
    <li value="1">
    <p>ONE One one bignums-xxl</p>

    <p>This is the story of my life ...</p>


<ol class="bignums" start="1">
    <li value="1">
    <p>When I was young</p>


<ol type="1">
    <li>this</li>
    <li>and that</li>
    <li>and this</li>
</ol>
</li>
    <li value="2">
    <p>When I was grown</p>

    <p>Oops, ...</p>
</li>
    <li value="3">
    <p>When I was old</p>

    <p>Oh dear, ...</p>
</li>
</ol>
</li>
</ol>

    </section>
        <!-- content end -->
