==============
Document Title
==============

Lorem Ipsum Dolor.

..  toctree::
    :glob:

    *
    */index
