<!-- content start -->
                <section class="section" id="root-document">
    <h1>root document</h1>

    </section>

        <!-- content end -->
