<!DOCTYPE html>
<html class="no-js" lang="en">
<head>
    <title>Sitemap â€” Core main (development)
        documentation</title>

    
<meta charset="utf-8">
<meta content="width=device-width, initial-scale=1.0" name="viewport">
<meta content="phpdocumentor/guides" name="generator">
<meta content="Core" name="docsearch:name">
<meta content="" name="docsearch:package_type">
<meta content="main (development)" name="docsearch:release">
<meta content="main (development)" name="docsearch:version">
<meta content="2023-01-01T12:00:00+00:00" name="docsearch:modified">
<meta content="2023-01-01T12:00:00+00:00" name="dc.modified">
<meta content="2023-01-01T12:00:00+00:00" property="article:modified_time">
<meta name="x-typo3-indexer" content="noindex">
    <meta name="robots" content="noindex">    <link href="http://purl.org/dc/elements/1.1/" rel="schema.dc">
<link href="_resources/css/theme.css" rel="stylesheet">
<link href="https://docs.typo3.org/search/" rel="search" title="Search">
<script src="https://typo3.azureedge.net/typo3infrastructure/universe/dist/webcomponents-loader.js"></script>
<script src="https://typo3.azureedge.net/typo3infrastructure/universe/dist/typo3-universe.js" type="module"></script>
                        <link href="Changelog/12.0/Important-94951-RestrictExportFunctionalityToAllowedUsers.html" rel="prev" title="Important: #94951 - Restrict export functionality to allowed users"/>
            <link href="Index.html" rel="top" title="TYPO3 Core"/>
    </head>
<body>
<div class="page">
    
<header>
    <div class="page-topbar">
        <div class="page-topbar-inner">
            <typo3-universe active="documentation">
                <div style="display: block; height: 44px; background-color: #313131;"></div>
            </typo3-universe>
        </div>
    </div>
    <div class="page-header">
        <div class="page-header-inner">
            <div class="row">
                <div class="col-md-2 col-lg-4">
                    <a class="logo" href="https://docs.typo3.org/" title="TYPO3 Documentation">
                        <img alt="TYPO3 Logo" class="logo-image" src="_resources/img/typo3-logo.svg" width="484" height="130">
                    </a>
                </div>
                <div class="col-md-10 col-lg-8">
                    <div class="menu-search-wrapper">
                        <all-documentations-menu data-override-url="https://render-guides.ddev.site/_resources/js/menu-proxy.php"></all-documentations-menu>
                                                <search role="search">
                            <form action="https://docs.typo3.org/search/search" id="global-search-form" method="get">
                                <div class="sr-only"><label for="globalsearchinput">TYPO3 documentation...</label></div>
                                <div class="input-group mb-3 mt-sm-3">
                                    <select class="form-select search__scope" id="searchscope" name="scope">
                                        <option value="">Search all</option>
                                    </select>
                                    <input autocomplete="off" class="form-control shadow-none" id="globalsearchinput" name="q" placeholder="TYPO3 documentation..." type="text" value="">
                                    <button class="btn btn-light search__submit" type="submit"><i class="fa fa-search"></i>&nbsp;<span class="d-none d-md-inline">Search</span></button>
                                </div>
                            </form>
                        </search>
                    </div>
                </div>
            </div>
        </div>
    </div>
</header>    <main class="page-main">
        <div class="page-main-inner">
            <div class="page-main-navigation">
                <nav>
                    
<div class="toc-header">
    <div class="toc-title">
        <a class="toc-title-project" href="Index.html">Core</a>
            <div class="toc-version-wrapper" id="toc-version-wrapper">
                <!--
                    LOCAL RENDERING NOTICE:
                    https://docs.typo3.org/other/t3docs/render-guides/main/en-us/Developer/AjaxVersions.html
                -->

                <div id="toc-version" class="toc-version" data-override-url-proxy="https://render-guides.ddev.site/_resources/js/versions-proxy.php?url=" data-override-url-self="https://docs.typo3.org/m/typo3/tutorial-getting-started/12.4/en-us/Concepts/Index.html">
                
                    <span class="toc-version-prefix">Release:</span>
                    <span class="toc-version-number" tabindex="0">main (development)</span>
                </div>
                <div id="toc-version-options" class="toc-version-options">
                    <p><span class="fa fa-spinner fa-spin"></span> Loading data.</p>
                </div>
            </div></div>
    <div class="toc-actions">
        <button id="toc-toggle" class="btn btn-light d-block d-lg-none" tabindex="0" aria-controls="toc-collapse" aria-expanded="false">
            Menu
        </button>
    </div>
</div>                    <div id="toc-collapse">
                                                <div aria-label="main navigation" class="toc"
                             role="navigation">
                                <div aria-label="Main navigation" class="main_menu" role="navigation">
            <ul class="menu-level-1" role="menubar">
    <li class="" role="menuitem">
    <a href="Changelog-12.html">
        ChangeLog v12
    </a>        <ul class="menu-level-1"><li class="" role="menuitem">
    <a href="Changelog/12.0/Index.html">
        12.0 Changes
    </a></li></ul></li>    </ul>    <ul class="menu-level-1" role="menubar">
    <li class=" current active" role="menuitem">
    <a href="#" aria-current="page">
        Sitemap
    </a></li>    </ul>
    </div>
    <div aria-label="Meta navigation" class="main_menu  d-block d-lg-none" role="navigation">
    <hr/>
    <p class="caption">Contributors Corner</p>
    <ul class="menu-level-1">            <li><a href="_sources/Sitemap.rst.txt" rel="nofollow noopener" target="_blank">
                    View source of current document
            </a></li>
                    <li><a href="https://docs.typo3.org/m/typo3/docs-how-to-document/main/en-us/WritingDocsOfficial/GithubMethod.html" rel="nofollow noopener" target="_blank">
                    How to edit
            </a></li>
                    <li><a href="https://github.com/typo3/typo3/edit/main/typo3/sysext/core/Documentation/Sitemap.rst" rel="nofollow noopener" target="_blank">
                    Edit current document on GitHub
            </a></li>
        </ul>
</div>
    <all-documentations-menu-mobile
        data-override-url="https://render-guides.ddev.site/_resources/js/menu-proxy.php"></all-documentations-menu-mobile>
                        </div>
                    </div>
                </nav>
            </div>
            <div class="page-main-content">
                <div class="rst-content">                        <nav aria-label="breadcrumbs navigation" class="breadcrumb-bar" role="navigation">
        
<ol class="breadcrumb">
    <li class="breadcrumb-item"><a href="Index.html">TYPO3 Core</a></li>
                    <li aria-current="page"  class="breadcrumb-item  active">Sitemap</li>
        </ol>
        <div class="breadcrumb-additions">        <a class="btn btn-sm btn-light" href="https://forge.typo3.org/projects/typo3cms-core/issues/new?issue[category_id]=1004&amp;issue[subject]=Problem+on+https%3A%2F%2Fdocs.typo3.org%2Fc%2Ftypo3%2Fcms-core%2Fmain%2Fen-us%2FSitemap.html&amp;issue[custom_field_values][4]=14" id="btnReportIssue" rel="nofollow noopener" target="_blank">
            <span class="btn-icon"><i class="fas fa-bug"></i></span>
            <span class="btn-text">Report issue</span>
        </a>
        <a class="btn btn-sm btn-light" href="_sources/Sitemap.rst.txt" rel="nofollow noopener" target="_blank">
        <span class="btn-icon"><span class="fas fa-code"></span></span>
        <span class="btn-text">View source</span>
    </a>
        <a class="btn btn-sm btn-light" href="https://docs.typo3.org/m/typo3/docs-how-to-document/main/en-us/WritingDocsOfficial/GithubMethod.html" id="btnHowToEdit" rel="nofollow noopener" target="_blank">
        <span class="btn-icon"><span class="fas fa-info-circle"></span></span>
        <span class="btn-text">How to edit</span>
    </a>
        <a class="btn btn-sm btn-secondary" href="https://github.com/typo3/typo3/edit/main/typo3/sysext/core/Documentation/Sitemap.rst" id="btnEditOnGitHub" rel="nofollow noopener" target="_blank">
        <span class="btn-icon"><span class="fab fa-github"></span></span>
        <span class="btn-text">Edit on GitHub</span>
    </a>
    </div>    </nav>
                    
<article class="document" itemscope="itemscope" itemtype="http://schema.org/Article" role="main">
    <div itemprop="articleBody">
        <!-- content start -->
                    

<section class="section" id="sitemap">
            <h1>Sitemap<a class="headerlink" href="#sitemap" data-bs-toggle="modal" data-bs-target="#linkReferenceModal"  title="Reference this headline"><i class="fa-solid fa-paragraph"></i></a></h1>
    </section>
<div class="section">
        <div class="sitemap">
    <ul>
        <li class="toctree-l0">
    <a href="Changelog-12.html"
       class="reference internal">
        ChangeLog v12
    </a>        <ul><li class="toctree-l1">
    <a href="Changelog/12.0/Index.html"
       class="reference internal">
        12.0 Changes
    </a></li></ul></li>            </ul>
</div>    <div class="sitemap">
    <ul>
        <li class="toctree-l0">
    <a href="#"
       class="reference internal">
        Sitemap
    </a></li>            </ul>
</div>
</div>                <!-- content end -->
    </div>
</article>
                        
            <nav aria-label="Page navigation">
            <ul class="pagination justify-content-center"><li class="page-item">
                            <a class="page-link" href="Changelog/12.0/Important-94951-RestrictExportFunctionalityToAllowedUsers.html"
                               title="Accesskey Alt(+Shift)+p">
                                Previous
                            </a>
                        </li>
                    </ul>
        </nav>
                    </div>
            </div>
        </div>
    </main>

    <div class="modal fade" id="linkReferenceModal" tabindex="-1" aria-labelledby="linkReferenceModalLabel"
    aria-hidden="true" data-current-filename="Sitemap" data-interlink-shortcode="changelog">
    <div class="modal-dialog">
        <div class="modal-content">
            <div class="modal-header">
                <h5 class="modal-title" id="linkReferenceModalLabel">Reference to the headline</h5>
                <button type="button" class="btn-close" data-bs-dismiss="modal" aria-label="Close"></button>
            </div>
            <div class="modal-body">
                <div class="alert alert-success d-none" id="permalink-alert-success" role="alert"></div>
                <div class="mb-3">
                    <label for="permalink-uri" class="col-form-label">URL</label>
                    <div class="input-group">
                        <input class="form-control code" id="permalink-uri" readonly>
                        <button type="button" class="btn btn-outline-secondary copy-button" data-target="permalink-uri"><i class="far fa-clone"></i></button>
                    </div>
                    <div class="permalink-short-wrapper">
                        <label for="permalink-short" class="col-form-label">Permalink (Shortlink)</label>
                        <div class="input-group">
                            <input class="form-control code" id="permalink-short" readonly>
                            <button type="button" class="btn btn-outline-secondary copy-button" data-target="permalink-short"><i class="far fa-clone"></i></button>
                        </div>
                        <p><em>Copy and freely share the link</em></p>
                    </div>
                </div>
                <div class="mb-3">
                    <div class="alert alert-warning alert-permalink-rst" role="alert">This link target has no permanent anchor assigned.                        You can make a <a href="https://github.com/typo3/typo3/edit/main/typo3/sysext/core/Documentation/Sitemap.rst">pull request on GitHub</a> to suggest an anchor.
                        The link below can be used, but is prone to change if the page gets moved.
                    </div>
                    <label for="permalink-rst" class="col-form-label">Link in reStructuredText (reST)</label>
                    <div class="input-group">
                        <textarea class="form-control code" id="permalink-rst" readonly></textarea>
                        <button type="button" class="btn btn-outline-secondary copy-button" data-target="permalink-rst"><i class="far fa-clone"></i></button>
                    </div>
                    <p><em>Copy this link into your TYPO3 manual.</em></p>
                </div>
                <div class="mb-3">
                    <label for="permalink-md" class="col-form-label">Link in Markdown</label>
                    <div class="input-group">
                        <textarea class="form-control code" id="permalink-md" readonly></textarea>
                        <button type="button" class="btn btn-outline-secondary copy-button" data-target="permalink-md"><i class="far fa-clone"></i></button>
                    </div>
                </div>
                <div class="mb-3">
                    <label for="permalink-html" class="col-form-label">Link in HTML</label>
                                        <div class="input-group">
                        <textarea class="form-control code" id="permalink-html" readonly></textarea>
                        <button type="button" class="btn btn-outline-secondary copy-button" data-target="permalink-html"><i class="far fa-clone"></i></button>
                    </div>
                </div>
            </div>
            <div class="modal-footer">
                <button type="button" class="btn btn-secondary" data-bs-dismiss="modal">Close</button>
            </div>
        </div>
    </div>
</div>    <div class="modal fade" id="generalModal" tabindex="-1" aria-labelledby="linkReferenceModalLabel"
    aria-hidden="true" data-current-filename="Sitemap"
>
    <div class="modal-dialog">
        <div class="modal-content">
            <div class="modal-header">
                <h5 class="modal-title" id="generalModalLabel"></h5>
                <button type="button" class="btn-close" data-bs-dismiss="modal" aria-label="Close"></button>
            </div>
            <div class="modal-body">
                <div class="alert alert-success d-none" id="general-alert-success" role="alert"></div>
                <div id="generalModalContent">
                </div>
            </div>
            <div class="modal-footer justify-content-between">
                <div id="generalModalCustomButtons"></div>
                <button type="button" class="btn btn-secondary" data-bs-dismiss="modal"><i class="fa-regular fa-circle-xmark"></i>&nbsp;Close</button>
            </div>
        </div>
    </div>
</div></div>


<footer class="page-footer">
    <div class="frame frame-ruler-before frame-background-dark">
        <div class="frame-container">
            <div class="frame-inner">
                <ul class="footer-simplemenu">
                        <li><a href="https://extensions.typo3.org/extension/core/" title="Home" rel="nofollow noopener"><span>Home</span></a></li>
                                                <li><a href="https://typo3.slack.com/archives/C025BQLFA" title="Contact" rel="nofollow noopener"><span>Contact</span></a></li>
                                                <li><a href="https://forge.typo3.org/projects/typo3cms-core/issues" rel="nofollow noopener" title="Issues"><span>Issues</span></a></li>
                                                <li><a href="https://github.com/typo3/typo3" rel="nofollow noopener" title="Repository"><span>Repository</span></a></li>
                                            </ul>                <div class="footer-additional">
                    <p class="text-center">Last rendered: Jan 01, 2023 12:00</p>
                </div>
                <div class="footer-meta">
                                        <div class="footer-meta-copyright">
                        &copy; since 1997 by the TYPO3 contributors
                    </div>
                    <ul class="footer-meta-navigation">
                        <li><a href="https://typo3.org/legal-notice" rel="nofollow" target="_blank" title="Legal Notice">Legal Notice</a></li>
                        <li><a href="https://typo3.org/privacy-policy" rel="nofollow" target="_blank" title="Privacy Policy">Privacy Policy</a></li>
                    </ul>
                </div>
            </div>
        </div>
    </div>
</footer>
<script src="_resources/js/popper.min.js"></script>
<script src="_resources/js/bootstrap.min.js"></script>
<script src="_resources/js/theme.min.js"></script>

<!--
 Locally rendered. No tracking embedded.
-->
</body>
</html>