<!-- content start -->
                <section class="section" id="title">
            <h1>Title<a class="headerlink" href="#title" data-bs-toggle="modal" data-bs-target="#linkReferenceModal"  title="Reference this headline">Â¶</a></h1>

            <ul>
            <li>changelog</li>
            <li>fluid</li>
            <li>h2document</li>
            <li>t3content</li>
            <li>t3contribute</li>
            <li>t3coreapi</li>
            <li>t3editors</li>
            <li>t3install</li>
            <li>t3sitepackage</li>
            <li>t3start</li>
            <li>t3tca</li>
            <li>t3translate</li>
            <li>t3ts45</li>
            <li>t3tsconfig</li>
            <li>t3tsref</li>
            <li>t3viewhelper</li>
    </ul>

    </section>

        <!-- content end -->
