<!-- content start -->
                <section class="section" id="code">
            <h1>Code<a class="headerlink" href="#code" data-bs-toggle="modal" data-bs-target="#linkReferenceModal"  title="Reference this headline">Â¶</a></h1>

    <p><code class="code-inline" translate="no">some code</code></p>

    </section>
        <!-- content end -->
