<!-- content start -->
    <div class="section" id="php-interface">
    <h1>PHP Interface</h1>

            <dl class="php interface">
    <dt class="sig sig-object php"
        id="testinterface">
        <em class="property"><span class="pre">interface</span> </em>
        <span class="sig-name descname"><span class="pre">TestInterface</span></span>

    </dt>
    <dd>
        <p>Lorem Ipsum Dolor!</p>
    </dd>
</dl>

    </div>

<!-- content end -->