<!-- content start -->
                <section class="section" id="confval">
            <h1>Confval<a class="headerlink" href="#confval" data-bs-toggle="modal" data-bs-target="#linkReferenceModal"  title="Reference this headline">&nbsp;<i class="fa-solid fa-link"></i></a></h1>
    </section>
<section class="section" id="confvals-with-subtrees">
            <h1>Confvals with subtrees<a class="headerlink" href="#confvals-with-subtrees" data-bs-toggle="modal" data-bs-target="#linkReferenceModal"  title="Reference this headline">&nbsp;<i class="fa-solid fa-link"></i></a></h1>
            <section class="section" id="properties-of-case">
            <h2>Properties of CASE<a class="headerlink" href="#properties-of-case" data-bs-toggle="modal" data-bs-target="#linkReferenceModal"  title="Reference this headline">&nbsp;<i class="fa-solid fa-link"></i></a></h2>




<a id="confval-menu-case-properties"></a>
<div class="table-responsive confval-table">
    <table class="table table-hover caption-top"><caption>Properties of CASE</caption>        <thead>
        <tr>
            <th scope="col">Name</th>

                                    <th scope="col">Type</th>
                                    </tr>
        </thead>
                        <tr>
        <td><div class="confval-label ps-0"><a href="#confval-case-array">array of c<wbr>Objects</a></div></td>
                    <td>
                            cObject
                        </td>
            </tr>

                        <tr>
        <td><div class="confval-label ps-0"><a href="#confval-case-cache">cache</a></div></td>
                    <td>
                            cache
                        </td>
            </tr>

                        <tr>
        <td><div class="confval-label ps-0"><a href="#confval-case-default">default</a></div></td>
                    <td>
                            cObject
                        </td>
            </tr>

                        <tr>
        <td><div class="confval-label ps-0"><a href="#confval-case-if">if</a></div></td>
                    <td>
                            -&gt;if
                        </td>
            </tr>

            </table>
</div>
                <section data-search-title="array of cObjects"
         data-search-id="confval-case-array"
         data-search-facet="Option"
         class="confval-section"
         id="confval-case-array"
>
    <h3 class="sr-only">array of cObjects</h3>
    <dl class="confval">
        <dt             class="d-flex justify-content-between">
            <div class="confval-header flex-grow-1">
                <code class="sig-name descname"><span
                        class="pre">array of c<wbr>Objects</span></code>
                                    <a class="headerlink" href="#confval-case-array"
                       data-bs-toggle="modal"
                       data-bs-target="#linkReferenceModal"
                       data-id="confval-case-array"
                       title="Reference this configuration value"><i
                            class="fa-solid fa-paragraph"></i></a>
                </div>
            <div class="confval-back-to-top">                    <a href="#confval-menu-case-properties" class="backToList"
                       title="Back to list"><i
                            class="fa-solid fa-angles-up fa-xs"></i></a>
                            </div>        </dt>
        <dd>
                            <dl class="field-list simple">
                                            <dt class="field-even">Type</dt>
                        <dd class="field-even">cObject
                        </dd>
                    </dl>
                        <div class="confval-description">

    <p>Array of cObjects. Use this to define cObjects for the different
values of <code class="code-inline" translate="no">cobj-<wbr>case-<wbr>key</code>. If <code class="code-inline" translate="no">cobj-<wbr>case-<wbr>key</code> has a certain value,
the according cObject will be rendered. The cObjects can have any name, but not
the names of the other properties of the cObject CASE.</p>

            </div>
        </dd>
    </dl>
</section>
                        <section data-search-title="cache"
         data-search-id="confval-case-cache"
         data-search-facet="Option"
         class="confval-section"
         id="confval-case-cache"
>
    <h3 class="sr-only">cache</h3>
    <dl class="confval">
        <dt             class="d-flex justify-content-between">
            <div class="confval-header flex-grow-1">
                <code class="sig-name descname"><span
                        class="pre">cache</span></code>
                                    <a class="headerlink" href="#confval-case-cache"
                       data-bs-toggle="modal"
                       data-bs-target="#linkReferenceModal"
                       data-id="confval-case-cache"
                       title="Reference this configuration value"><i
                            class="fa-solid fa-paragraph"></i></a>
                </div>
            <div class="confval-back-to-top">                    <a href="#confval-menu-case-properties" class="backToList"
                       title="Back to list"><i
                            class="fa-solid fa-angles-up fa-xs"></i></a>
                            </div>        </dt>
        <dd>
                            <dl class="field-list simple">
                                            <dt class="field-even">Type</dt>
                        <dd class="field-even">cache
                        </dd>
                    </dl>
                        <div class="confval-description">

    <p>See  for details.</p>

            </div>
        </dd>
    </dl>
</section>
                        <section data-search-title="default"
         data-search-id="confval-case-default"
         data-search-facet="Option"
         class="confval-section"
         id="confval-case-default"
>
    <h3 class="sr-only">default</h3>
    <dl class="confval">
        <dt             class="d-flex justify-content-between">
            <div class="confval-header flex-grow-1">
                <code class="sig-name descname"><span
                        class="pre">default</span></code>
                                    <a class="headerlink" href="#confval-case-default"
                       data-bs-toggle="modal"
                       data-bs-target="#linkReferenceModal"
                       data-id="confval-case-default"
                       title="Reference this configuration value"><i
                            class="fa-solid fa-paragraph"></i></a>
                </div>
            <div class="confval-back-to-top">                    <a href="#confval-menu-case-properties" class="backToList"
                       title="Back to list"><i
                            class="fa-solid fa-angles-up fa-xs"></i></a>
                            </div>        </dt>
        <dd>
                            <dl class="field-list simple">
                                            <dt class="field-even">Type</dt>
                        <dd class="field-even">cObject
                        </dd>
                    </dl>
                        <div class="confval-description">

    <p>Use this to define the rendering for <em>those</em> values of cobj-case-key that
do <em>not</em> match any of the values of the cobj-case-array-of-cObjects. If no
default cObject is defined, an empty string will be returned for
the default case.</p>

            </div>
        </dd>
    </dl>
</section>
                        <section data-search-title="if"
         data-search-id="confval-case-if"
         data-search-facet="Option"
         class="confval-section"
         id="confval-case-if"
>
    <h3 class="sr-only">if</h3>
    <dl class="confval">
        <dt             class="d-flex justify-content-between">
            <div class="confval-header flex-grow-1">
                <code class="sig-name descname"><span
                        class="pre">if</span></code>
                                    <a class="headerlink" href="#confval-case-if"
                       data-bs-toggle="modal"
                       data-bs-target="#linkReferenceModal"
                       data-id="confval-case-if"
                       title="Reference this configuration value"><i
                            class="fa-solid fa-paragraph"></i></a>
                </div>
            <div class="confval-back-to-top">                    <a href="#confval-menu-case-properties" class="backToList"
                       title="Back to list"><i
                            class="fa-solid fa-angles-up fa-xs"></i></a>
                            </div>        </dt>
        <dd>
                            <dl class="field-list simple">
                                            <dt class="field-even">Type</dt>
                        <dd class="field-even">-&gt;if
                        </dd>
                    </dl>
                        <div class="confval-description">

    <p>If if returns false, nothing is returned.</p>

            </div>
        </dd>
    </dl>
</section>

    </section>
            <section class="section" id="properties-of-coa">
            <h2>Properties of COA<a class="headerlink" href="#properties-of-coa" data-bs-toggle="modal" data-bs-target="#linkReferenceModal"  title="Reference this headline">&nbsp;<i class="fa-solid fa-link"></i></a></h2>




<a id="confval-menu-coa-properties"></a>
<div class="table-responsive confval-table">
    <table class="table table-hover caption-top">        <thead>
        <tr>
            <th scope="col">Name</th>

                                    <th scope="col">Type</th>
                                    </tr>
        </thead>
                        <tr>
        <td><div class="confval-label ps-0"><a href="#confval-coa-array">1,2,3,4...</a></div></td>
                    <td>
                            cObject
                        </td>
            </tr>

                        <tr>
        <td><div class="confval-label ps-0"><a href="#confval-coa-cache">cache</a></div></td>
                    <td>
                            cache
                        </td>
            </tr>

                        <tr>
        <td><div class="confval-label ps-0"><a href="#confval-coa-if">if</a></div></td>
                    <td>
                            -&gt;if &lt;if&gt;
                        </td>
            </tr>

            </table>
</div>
                <section data-search-title="1,2,3,4..."
         data-search-id="confval-coa-array"
         data-search-facet="Option"
         class="confval-section"
         id="confval-coa-array"
>
    <h3 class="sr-only">1,2,3,4...</h3>
    <dl class="confval">
        <dt             class="d-flex justify-content-between">
            <div class="confval-header flex-grow-1">
                <code class="sig-name descname"><span
                        class="pre">1,2,3,4...</span></code>
                                    <a class="headerlink" href="#confval-coa-array"
                       data-bs-toggle="modal"
                       data-bs-target="#linkReferenceModal"
                       data-id="confval-coa-array"
                       title="Reference this configuration value"><i
                            class="fa-solid fa-paragraph"></i></a>
                </div>
            <div class="confval-back-to-top">                    <a href="#confval-menu-coa-properties" class="backToList"
                       title="Back to list"><i
                            class="fa-solid fa-angles-up fa-xs"></i></a>
                            </div>        </dt>
        <dd>
                            <dl class="field-list simple">
                                            <dt class="field-even">Type</dt>
                        <dd class="field-even">cObject
                        </dd>
                    </dl>
                        <div class="confval-description">

    <p>Numbered properties to define the different cObjects, which should be
rendered.</p>

            </div>
        </dd>
    </dl>
</section>
                        <section data-search-title="cache"
         data-search-id="confval-coa-cache"
         data-search-facet="Option"
         class="confval-section"
         id="confval-coa-cache"
>
    <h3 class="sr-only">cache</h3>
    <dl class="confval">
        <dt             class="d-flex justify-content-between">
            <div class="confval-header flex-grow-1">
                <code class="sig-name descname"><span
                        class="pre">cache</span></code>
                                    <a class="headerlink" href="#confval-coa-cache"
                       data-bs-toggle="modal"
                       data-bs-target="#linkReferenceModal"
                       data-id="confval-coa-cache"
                       title="Reference this configuration value"><i
                            class="fa-solid fa-paragraph"></i></a>
                </div>
            <div class="confval-back-to-top">                    <a href="#confval-menu-coa-properties" class="backToList"
                       title="Back to list"><i
                            class="fa-solid fa-angles-up fa-xs"></i></a>
                            </div>        </dt>
        <dd>
                            <dl class="field-list simple">
                                            <dt class="field-even">Type</dt>
                        <dd class="field-even">cache
                        </dd>
                    </dl>
                        <div class="confval-description">

    <p>See cache function description for details.</p>

            </div>
        </dd>
    </dl>
</section>
                        <section data-search-title="if"
         data-search-id="confval-coa-if"
         data-search-facet="Option"
         class="confval-section"
         id="confval-coa-if"
>
    <h3 class="sr-only">if</h3>
    <dl class="confval">
        <dt             class="d-flex justify-content-between">
            <div class="confval-header flex-grow-1">
                <code class="sig-name descname"><span
                        class="pre">if</span></code>
                                    <a class="headerlink" href="#confval-coa-if"
                       data-bs-toggle="modal"
                       data-bs-target="#linkReferenceModal"
                       data-id="confval-coa-if"
                       title="Reference this configuration value"><i
                            class="fa-solid fa-paragraph"></i></a>
                </div>
            <div class="confval-back-to-top">                    <a href="#confval-menu-coa-properties" class="backToList"
                       title="Back to list"><i
                            class="fa-solid fa-angles-up fa-xs"></i></a>
                            </div>        </dt>
        <dd>
                            <dl class="field-list simple">
                                            <dt class="field-even">Type</dt>
                        <dd class="field-even">-&gt;if &lt;if&gt;
                        </dd>
                    </dl>
                        <div class="confval-description">

    <p>If <code class="code-inline" translate="no">if</code> returns false, the COA is <strong>not</strong> rendered.</p>

            </div>
        </dd>
    </dl>
</section>

    </section>
    </section>
        <!-- content end -->
