<!-- content start -->
                <section class="section" id="document-title">
    <h1>Document Title</h1>

            <p>Lorem Ipsum Dolor.</p>
            <div class="toctree-wrapper compound">
    <ul class="menu-level">
    <li class="toc-item"><a href="page1.html#page-1">Page 1</a></li>

    <li class="toc-item"><a href="subpages/index.html#subpages">Subpages</a></li>

    </ul>
</div>

    </section>

        <!-- content end -->
