<!-- content start -->
                <section class="section" id="simple-cards">
            <h1>Simple cards<a class="headerlink" href="#simple-cards" data-bs-toggle="modal" data-bs-target="#linkReferenceModal"  title="Reference this headline">&nbsp;<i class="fa-solid fa-link"></i></a></h1>
            <div class="row m-0 p-0">
    <div class="col-md-6 pl-0 pr-3 py-3 m-0">
    <div class="card px-0 h-100">
    <div class="rubric card-header h3"><strong>Concepts</strong></div><div class="card-body">

    <p>Written for new users, this chapter introduces some of TYPO3s
core concepts including the backend, TYPO3s administration
interface.</p>

</div>

</div>

</div>
<div class="col-md-6 pl-0 pr-3 py-3 m-0">
    <div class="card px-0 h-100">
    <div class="rubric card-header h3"><strong>System Requirements</strong></div><div class="card-body">

    <p>System requirements for the host operation system, including
its web server and database and how they should be configured
prior to installation.</p>

</div>

</div>

</div>

</div>

            <section class="section" id="cards-with-buttons-in-the-footer">
            <h2>Cards with buttons in the footer<a class="headerlink" href="#cards-with-buttons-in-the-footer" data-bs-toggle="modal" data-bs-target="#linkReferenceModal"  title="Reference this headline">&nbsp;<i class="fa-solid fa-link"></i></a></h2>
            <div class="row m-0 p-0">
    <div class="col-md-6 pl-0 pr-3 py-3 m-0">
    <div class="card px-0 h-100">
    <div class="rubric card-header h3"><strong>Pages</strong></div><div class="card-body">

    <p>The Page Management Guide introduces TYPO3&#039;s Page Tree and explains how pages are created and managed.</p>

</div>
<div class="card-footer pb-0">


<ul class="horizbuttons-striking-m">
    <li><a href="https://docs.typo3.org/m/typo3/tutorial-editors/main/en-us/Pages/Index.html">12-dev</a></li>
    <li><a href="https://docs.typo3.org/m/typo3/tutorial-editors/11.5/en-us/Pages/Index.html">11.5</a></li>
    <li><a href="https://docs.typo3.org/m/typo3/tutorial-editors/10.4/en-us/Pages/Index.html">10.4</a></li>
</ul>

</div>

</div>

</div>
<div class="col-md-6 pl-0 pr-3 py-3 m-0">
    <div class="card px-0 h-100">
    <div class="rubric card-header h3"><strong>Content</strong></div><div class="card-body">

    <p>The Content Creation Guide shows how page content is created in the form of Content Elements.</p>

</div>
<div class="card-footer pb-0">


<ul class="horizbuttons-striking-m">
    <li><a href="https://docs.typo3.org/m/typo3/tutorial-editors/main/en-us/ContentElements/Index.html">12-dev</a></li>
    <li><a href="https://docs.typo3.org/m/typo3/tutorial-editors/11.5/en-us/ContentElements/Index.html">11.5</a></li>
    <li><a href="https://docs.typo3.org/m/typo3/tutorial-editors/10.4/en-us/ContentElements/Index.html">10.4</a></li>
</ul>

</div>

</div>

</div>

</div>

    </section>
    </section>
        <!-- content end -->
